// Jest Snapshot v1, https://goo.gl/fbAQLP

exports[`Correct fetch of items 1`] = `
Object {
  "copies": Array [
    Object {
      "_id": "4209348102a09234f80293b42b908903",
    },
    Object {
      "_id": "4209234532047234f80293b42b908903",
    },
  ],
  "release": Object {
    "cover": "https://cdn.neoplasm.xyz/images/covers/lifeoxetine.jpg",
    "title": "Lifeoxetine",
    "tracks": Array [
      Object {
        "_id": "6030e034d2bb06002a40e19f",
        "artists": Array [
          Object {
            "alias": "Marble Bust",
          },
        ],
        "featuring": Array [],
        "position": 1,
        "sources": Array [
          Object {
            "src": "https://cdn.neoplasm.xyz/music/lifeoxetine/mp3/01%20Marble%20Bust%20%E2%80%93%C2%A0THENEWERA.mp3",
            "type": "audio/mp3",
          },
          Object {
            "src": "https://cdn.neoplasm.xyz/music/lifeoxetine/ogg/01%20Marble%20Bust%20%E2%80%93%C2%A0THENEWERA.ogg",
            "type": "audio/ogg",
          },
          Object {
            "src": "https://cdn.neoplasm.xyz/music/lifeoxetine/wav/01%20Marble%20Bust%20%E2%80%93%C2%A0THENEWERA.wav",
            "type": "audio/wav",
          },
        ],
        "title": "THENEWERA",
      },
      Object {
        "_id": "6030e034d2bb06002a40e1aa",
        "artists": Array [
          Object {
            "alias": "Marble Bust",
          },
        ],
        "featuring": Array [],
        "position": 3,
        "sources": Array [
          Object {
            "src": "https://cdn.neoplasm.xyz/music/lifeoxetine/mp3/03%20Marble%20Bust%20%E2%80%93%C2%A0ANGELS.mp3",
            "type": "audio/mp3",
          },
          Object {
            "src": "https://cdn.neoplasm.xyz/music/lifeoxetine/ogg/03%20Marble%20Bust%20%E2%80%93%C2%A0ANGELS.ogg",
            "type": "audio/ogg",
          },
          Object {
            "src": "https://cdn.neoplasm.xyz/music/lifeoxetine/wav/03%20Marble%20Bust%20%E2%80%93%C2%A0ANGELS.wav",
            "type": "audio/wav",
          },
        ],
        "title": "ANGELS",
      },
      Object {
        "_id": "6030e034d2bb06002a40e1af",
        "artists": Array [
          Object {
            "alias": "Marble Bust",
          },
        ],
        "featuring": Array [
          Object {
            "alias": "sparrow",
          },
        ],
        "position": 4,
        "sources": Array [
          Object {
            "src": "https://cdn.neoplasm.xyz/music/lifeoxetine/mp3/04%20Marble%20Bust%20%E2%80%93%C2%A0HINDSIGHT%20%28feat.%20SPARROW%29.mp3",
            "type": "audio/mp3",
          },
          Object {
            "src": "https://cdn.neoplasm.xyz/music/lifeoxetine/ogg/04%20Marble%20Bust%20%E2%80%93%C2%A0HINDSIGHT%20%28feat.%20SPARROW%29.ogg",
            "type": "audio/ogg",
          },
          Object {
            "src": "https://cdn.neoplasm.xyz/music/lifeoxetine/wav/04%20Marble%20Bust%20%E2%80%93%C2%A0HINDSIGHT%20%28feat.%20SPARROW%29.wav",
            "type": "audio/wav",
          },
        ],
        "title": "HINDSIGHT",
      },
      Object {
        "_id": "6030e034d2bb06002a40e1b5",
        "artists": Array [
          Object {
            "alias": "Marble Bust",
          },
        ],
        "featuring": Array [],
        "position": 5,
        "sources": Array [
          Object {
            "src": "https://cdn.neoplasm.xyz/music/lifeoxetine/mp3/05%20Marble%20Bust%20%E2%80%93%C2%A0SORRYAU.mp3",
            "type": "audio/mp3",
          },
          Object {
            "src": "https://cdn.neoplasm.xyz/music/lifeoxetine/ogg/05%20Marble%20Bust%20%E2%80%93%C2%A0SORRYAU.ogg",
            "type": "audio/ogg",
          },
          Object {
            "src": "https://cdn.neoplasm.xyz/music/lifeoxetine/wav/05%20Marble%20Bust%20%E2%80%93%C2%A0SORRYAU.wav",
            "type": "audio/wav",
          },
        ],
        "title": "SORRYAU",
      },
      Object {
        "_id": "6030e034d2bb06002a40e1ba",
        "artists": Array [
          Object {
            "alias": "Marble Bust",
          },
        ],
        "featuring": Array [],
        "position": 6,
        "sources": Array [
          Object {
            "src": "https://cdn.neoplasm.xyz/music/lifeoxetine/mp3/06%20Marble%20Bust%20%E2%80%93%C2%A0TRANCEGRESSION.mp3",
            "type": "audio/mp3",
          },
          Object {
            "src": "https://cdn.neoplasm.xyz/music/lifeoxetine/ogg/06%20Marble%20Bust%20%E2%80%93%C2%A0TRANCEGRESSION.ogg",
            "type": "audio/ogg",
          },
          Object {
            "src": "https://cdn.neoplasm.xyz/music/lifeoxetine/wav/06%20Marble%20Bust%20%E2%80%93%C2%A0TRANCEGRESSION.wav",
            "type": "audio/wav",
          },
        ],
        "title": "TRANCEGRESSION",
      },
      Object {
        "_id": "6030e034d2bb06002a40e1bf",
        "artists": Array [
          Object {
            "alias": "Marble Bust",
          },
        ],
        "featuring": Array [],
        "position": 7,
        "sources": Array [
          Object {
            "src": "https://cdn.neoplasm.xyz/music/lifeoxetine/mp3/07%20Marble%20Bust%20%E2%80%93%C2%A0THELIFTINGHAND.mp3",
            "type": "audio/mp3",
          },
          Object {
            "src": "https://cdn.neoplasm.xyz/music/lifeoxetine/ogg/07%20Marble%20Bust%20%E2%80%93%C2%A0THELIFTINGHAND.ogg",
            "type": "audio/ogg",
          },
          Object {
            "src": "https://cdn.neoplasm.xyz/music/lifeoxetine/wav/07%20Marble%20Bust%20%E2%80%93%C2%A0THELIFTINGHAND.wav",
            "type": "audio/wav",
          },
        ],
        "title": "THELIFTINGHAND",
      },
      Object {
        "_id": "6030e034d2bb06002a40e1a4",
        "artists": Array [
          Object {
            "alias": "Marble Bust",
          },
        ],
        "featuring": Array [
          Object {
            "alias": "увула",
          },
        ],
        "position": 2,
        "sources": Array [
          Object {
            "src": "https://cdn.neoplasm.xyz/music/lifeoxetine/mp3/02%20Marble%20Bust%20%E2%80%93%C2%A0TRANSGRESSION%20%28feat.%20%D1%83%D0%B2%D1%83%D0%BB%D0%B0%29.mp3",
            "type": "audio/mp3",
          },
          Object {
            "src": "https://cdn.neoplasm.xyz/music/lifeoxetine/ogg/02%20Marble%20Bust%20%E2%80%93%C2%A0TRANSGRESSION%20%28feat.%20%D1%83%D0%B2%D1%83%D0%BB%D0%B0%29.ogg",
            "type": "audio/ogg",
          },
          Object {
            "src": "https://cdn.neoplasm.xyz/music/lifeoxetine/wav/02%20Marble%20Bust%20%E2%80%93%C2%A0TRANSGRESSION%20%28feat.%20%D1%83%D0%B2%D1%83%D0%BB%D0%B0%29.wav",
            "type": "audio/wav",
          },
        ],
        "title": "TRANSGRESSION",
      },
    ],
  },
}
`;
